
Running 92 tests using 4 workers

(node:25636) Warning: The 'NO_COLOR' env is ignored due to the 'FORCE_COLOR' env being set.
(Use `node --trace-warnings ...` to show where the warning was created)
(node:25635) Warning: The 'NO_COLOR' env is ignored due to the 'FORCE_COLOR' env being set.
(Use `node --trace-warnings ...` to show where the warning was created)
(node:25637) Warning: The 'NO_COLOR' env is ignored due to the 'FORCE_COLOR' env being set.
(Use `node --trace-warnings ...` to show where the warning was created)
(node:25634) Warning: The 'NO_COLOR' env is ignored due to the 'FORCE_COLOR' env being set.
(Use `node --trace-warnings ...` to show where the warning was created)
  ✓   3 [desktop] › tests/e2e/foundation.spec.ts:3:1 › production shell supports pointer and keyboard navigation without overflow (1.6s)
  ✓   2 [desktop] › tests/e2e/accessibility.spec.ts:31:1 › keyboard-only attendee and organizer can complete every action with long content at both viewport widths (2.9s)
  ✓   5 [desktop] › tests/e2e/isolation.spec.ts:5:5 › each browser case receives an empty repository › fresh attendee run 1 (1.4s)
  ✓   7 [desktop] › tests/e2e/isolation.spec.ts:5:5 › each browser case receives an empty repository › fresh attendee run 2 (1.4s)
  ✓   1 [desktop] › tests/e2e/foundation.spec.ts:59:1 › a direct production request renders usable navigation without JavaScript (5.3s)
  ✓   4 [desktop] › tests/e2e/comparison.spec.ts:13:1 › documented client submits the same answers as the manual path with one invocation and stays out of production (5.3s)
  ✓   8 [desktop] › tests/e2e/management.spec.ts:165:1 › shared empty filters are omitted and malformed rating URLs remain recoverable (1.3s)
  ✓   9 [desktop] › tests/e2e/reflow.spec.ts:4:1 › attendee and organizer retain required content at 320px with enlarged text (1.7s)
  ✓   6 [desktop] › tests/e2e/management.spec.ts:6:1 › organizer filters, inspects, cancels, and deletes only the intended persisted responses (5.1s)
  ✓  10 [desktop] › tests/e2e/survey-flow.spec.ts:4:1 › production attendee validates, goes Back, refreshes, submits once, and starts again (5.1s)
  ✓  11 [desktop] › tests/e2e/survey-flow.spec.ts:79:1 › production routes present conference copy and direct Step 2 recovers safely (5.3s)
  ✓  12 [desktop] › tests/e2e/survey-flow.spec.ts:101:1 › pending submission stays on the form when navigation is attempted (5.1s)
  ✓  14 [desktop] › tests/e2e/webmcp-control.spec.ts:124:1 › management retains disabled state after process restart without rewriting responses (4.3s)
  ✓  13 [desktop] › tests/e2e/webmcp-control.spec.ts:7:1 › off propagates to drafts and the separate client; fresh disabled pages load no integration; on restores one tool (6.9s)
  ✓  15 [desktop] › tests/e2e/webmcp-control.spec.ts:170:1 › turning off keeps an unsaved draft when browser storage is unavailable (5.1s)
  ✓  16 [desktop] › tests/e2e/webmcp-control.spec.ts:203:1 › a failed setting save remains visible until the organizer checks the confirmed state (5.5s)
  ✓  20 [desktop] › tests/e2e/webmcp-control.spec.ts:321:1 › a stale production assistant request is rejected after off without saving another response (2.2s)
  ✓  17 [desktop] › tests/e2e/webmcp-control.spec.ts:222:1 › a suspended page rechecks on resume and native browser APIs remain untouched on disabled documents (5.1s)
  ✓  18 [desktop] › tests/e2e/webmcp-control.spec.ts:264:3 › availability refresh preserves a confirmed in-flight manual submission without retry (5.6s)
  ✓  19 [desktop] › tests/e2e/webmcp-control.spec.ts:264:3 › availability refresh preserves a uncertain in-flight manual submission without retry (5.5s)
(node:25722) Warning: The 'NO_COLOR' env is ignored due to the 'FORCE_COLOR' env being set.
(Use `node --trace-warnings ...` to show where the warning was created)
  ✓  21 [desktop] › tests/e2e/webmcp.spec.ts:6:1 › production polyfill discovers one tool, corrects invalid input, and saves one response through the server (2.9s)
(node:25728) Warning: The 'NO_COLOR' env is ignored due to the 'FORCE_COLOR' env being set.
(Use `node --trace-warnings ...` to show where the warning was created)
  ✓  24 [desktop] › tests/e2e/accessibility.spec.ts:31:1 › keyboard-only attendee and organizer can complete every action with long content at both viewport widths (2.7s)
  ✓  22 [desktop] › tests/e2e/webmcp.spec.ts:118:3 › manual attendee can submit when assistant is unavailable (5.1s)
(node:25737) Warning: The 'NO_COLOR' env is ignored due to the 'FORCE_COLOR' env being set.
(Use `node --trace-warnings ...` to show where the warning was created)
  ✓  23 [desktop] › tests/e2e/webmcp.spec.ts:118:3 › manual attendee can submit when assistant is registration error (5.1s)
(node:25743) Warning: The 'NO_COLOR' env is ignored due to the 'FORCE_COLOR' env being set.
(Use `node --trace-warnings ...` to show where the warning was created)
  ✓  26 [desktop] › tests/e2e/foundation.spec.ts:3:1 › production shell supports pointer and keyboard navigation without overflow (1.4s)
  ✓  28 [desktop] › tests/e2e/isolation.spec.ts:5:5 › each browser case receives an empty repository › fresh attendee run 1 (1.4s)
  ✓  25 [desktop] › tests/e2e/comparison.spec.ts:13:1 › documented client submits the same answers as the manual path with one invocation and stays out of production (5.2s)
  ✓  30 [desktop] › tests/e2e/isolation.spec.ts:5:5 › each browser case receives an empty repository › fresh attendee run 2 (1.4s)
  ✓  31 [desktop] › tests/e2e/management.spec.ts:165:1 › shared empty filters are omitted and malformed rating URLs remain recoverable (1.3s)
  ✓  32 [desktop] › tests/e2e/reflow.spec.ts:4:1 › attendee and organizer retain required content at 320px with enlarged text (1.7s)
  ✓  27 [desktop] › tests/e2e/foundation.spec.ts:59:1 › a direct production request renders usable navigation without JavaScript (5.1s)
  ✓  29 [desktop] › tests/e2e/management.spec.ts:6:1 › organizer filters, inspects, cancels, and deletes only the intended persisted responses (5.1s)
  ✓  33 [desktop] › tests/e2e/survey-flow.spec.ts:4:1 › production attendee validates, goes Back, refreshes, submits once, and starts again (5.1s)
  ✓  35 [desktop] › tests/e2e/survey-flow.spec.ts:101:1 › pending submission stays on the form when navigation is attempted (5.1s)
  ✓  34 [desktop] › tests/e2e/survey-flow.spec.ts:79:1 › production routes present conference copy and direct Step 2 recovers safely (5.3s)
  ✓  36 [desktop] › tests/e2e/webmcp-control.spec.ts:7:1 › off propagates to drafts and the separate client; fresh disabled pages load no integration; on restores one tool (6.9s)
  ✓  37 [desktop] › tests/e2e/webmcp-control.spec.ts:124:1 › management retains disabled state after process restart without rewriting responses (4.4s)
  ✓  39 [desktop] › tests/e2e/webmcp-control.spec.ts:203:1 › a failed setting save remains visible until the organizer checks the confirmed state (5.0s)
  ✓  38 [desktop] › tests/e2e/webmcp-control.spec.ts:170:1 › turning off keeps an unsaved draft when browser storage is unavailable (5.1s)
  ✓  43 [desktop] › tests/e2e/webmcp-control.spec.ts:321:1 › a stale production assistant request is rejected after off without saving another response (2.2s)
  ✓  40 [desktop] › tests/e2e/webmcp-control.spec.ts:222:1 › a suspended page rechecks on resume and native browser APIs remain untouched on disabled documents (5.1s)
  ✓  41 [desktop] › tests/e2e/webmcp-control.spec.ts:264:3 › availability refresh preserves a confirmed in-flight manual submission without retry (6.1s)
  ✓  44 [desktop] › tests/e2e/webmcp.spec.ts:6:1 › production polyfill discovers one tool, corrects invalid input, and saves one response through the server (3.0s)
(node:25803) Warning: The 'NO_COLOR' env is ignored due to the 'FORCE_COLOR' env being set.
(Use `node --trace-warnings ...` to show where the warning was created)
  ✓  42 [desktop] › tests/e2e/webmcp-control.spec.ts:264:3 › availability refresh preserves a uncertain in-flight manual submission without retry (6.1s)
(node:25809) Warning: The 'NO_COLOR' env is ignored due to the 'FORCE_COLOR' env being set.
(Use `node --trace-warnings ...` to show where the warning was created)
  ✓  45 [desktop] › tests/e2e/webmcp.spec.ts:118:3 › manual attendee can submit when assistant is unavailable (5.1s)
(node:25816) Warning: The 'NO_COLOR' env is ignored due to the 'FORCE_COLOR' env being set.
(Use `node --trace-warnings ...` to show where the warning was created)
  ✓  47 [mobile] › tests/e2e/accessibility.spec.ts:31:1 › keyboard-only attendee and organizer can complete every action with long content at both viewport widths (2.7s)
  ✓  49 [mobile] › tests/e2e/foundation.spec.ts:3:1 › production shell supports pointer and keyboard navigation without overflow (1.4s)
  ✓  46 [desktop] › tests/e2e/webmcp.spec.ts:118:3 › manual attendee can submit when assistant is registration error (5.1s)
(node:25826) Warning: The 'NO_COLOR' env is ignored due to the 'FORCE_COLOR' env being set.
(Use `node --trace-warnings ...` to show where the warning was created)
  ✓  51 [mobile] › tests/e2e/isolation.spec.ts:5:5 › each browser case receives an empty repository › fresh attendee run 1 (1.4s)
  ✓  48 [mobile] › tests/e2e/comparison.spec.ts:13:1 › documented client submits the same answers as the manual path with one invocation and stays out of production (5.2s)
  ✓  53 [mobile] › tests/e2e/isolation.spec.ts:5:5 › each browser case receives an empty repository › fresh attendee run 2 (1.4s)
  ✓  54 [mobile] › tests/e2e/management.spec.ts:165:1 › shared empty filters are omitted and malformed rating URLs remain recoverable (1.3s)
  ✓  50 [mobile] › tests/e2e/foundation.spec.ts:59:1 › a direct production request renders usable navigation without JavaScript (5.1s)
  ✓  55 [mobile] › tests/e2e/reflow.spec.ts:4:1 › attendee and organizer retain required content at 320px with enlarged text (1.7s)
  ✓  52 [mobile] › tests/e2e/management.spec.ts:6:1 › organizer filters, inspects, cancels, and deletes only the intended persisted responses (5.1s)
  ✓  56 [mobile] › tests/e2e/survey-flow.spec.ts:4:1 › production attendee validates, goes Back, refreshes, submits once, and starts again (5.1s)
  ✓  57 [mobile] › tests/e2e/survey-flow.spec.ts:79:1 › production routes present conference copy and direct Step 2 recovers safely (5.2s)
  ✓  58 [mobile] › tests/e2e/survey-flow.spec.ts:101:1 › pending submission stays on the form when navigation is attempted (5.1s)
  ✓  59 [mobile] › tests/e2e/webmcp-control.spec.ts:7:1 › off propagates to drafts and the separate client; fresh disabled pages load no integration; on restores one tool (7.0s)
  ✓  60 [mobile] › tests/e2e/webmcp-control.spec.ts:124:1 › management retains disabled state after process restart without rewriting responses (4.3s)
  ✓  61 [mobile] › tests/e2e/webmcp-control.spec.ts:170:1 › turning off keeps an unsaved draft when browser storage is unavailable (5.1s)
  ✓  62 [mobile] › tests/e2e/webmcp-control.spec.ts:203:1 › a failed setting save remains visible until the organizer checks the confirmed state (5.0s)
  ✓  66 [mobile] › tests/e2e/webmcp-control.spec.ts:321:1 › a stale production assistant request is rejected after off without saving another response (2.2s)
  ✓  63 [mobile] › tests/e2e/webmcp-control.spec.ts:222:1 › a suspended page rechecks on resume and native browser APIs remain untouched on disabled documents (5.1s)
  ✓  64 [mobile] › tests/e2e/webmcp-control.spec.ts:264:3 › availability refresh preserves a confirmed in-flight manual submission without retry (5.6s)
  ✓  67 [mobile] › tests/e2e/webmcp.spec.ts:6:1 › production polyfill discovers one tool, corrects invalid input, and saves one response through the server (3.0s)
  ✓  65 [mobile] › tests/e2e/webmcp-control.spec.ts:264:3 › availability refresh preserves a uncertain in-flight manual submission without retry (5.6s)
(node:25903) Warning: The 'NO_COLOR' env is ignored due to the 'FORCE_COLOR' env being set.
(Use `node --trace-warnings ...` to show where the warning was created)
(node:25904) Warning: The 'NO_COLOR' env is ignored due to the 'FORCE_COLOR' env being set.
(Use `node --trace-warnings ...` to show where the warning was created)
  ✓  70 [mobile] › tests/e2e/accessibility.spec.ts:31:1 › keyboard-only attendee and organizer can complete every action with long content at both viewport widths (2.7s)
  ✓  68 [mobile] › tests/e2e/webmcp.spec.ts:118:3 › manual attendee can submit when assistant is unavailable (5.1s)
(node:25919) Warning: The 'NO_COLOR' env is ignored due to the 'FORCE_COLOR' env being set.
(Use `node --trace-warnings ...` to show where the warning was created)
  ✓  69 [mobile] › tests/e2e/webmcp.spec.ts:118:3 › manual attendee can submit when assistant is registration error (5.1s)
(node:25926) Warning: The 'NO_COLOR' env is ignored due to the 'FORCE_COLOR' env being set.
(Use `node --trace-warnings ...` to show where the warning was created)
  ✓  72 [mobile] › tests/e2e/foundation.spec.ts:3:1 › production shell supports pointer and keyboard navigation without overflow (1.4s)
  ✓  74 [mobile] › tests/e2e/isolation.spec.ts:5:5 › each browser case receives an empty repository › fresh attendee run 1 (1.4s)
  ✓  71 [mobile] › tests/e2e/comparison.spec.ts:13:1 › documented client submits the same answers as the manual path with one invocation and stays out of production (5.2s)
  ✓  76 [mobile] › tests/e2e/isolation.spec.ts:5:5 › each browser case receives an empty repository › fresh attendee run 2 (1.4s)
  ✓  77 [mobile] › tests/e2e/management.spec.ts:165:1 › shared empty filters are omitted and malformed rating URLs remain recoverable (1.3s)
  ✓  78 [mobile] › tests/e2e/reflow.spec.ts:4:1 › attendee and organizer retain required content at 320px with enlarged text (1.7s)
  ✓  73 [mobile] › tests/e2e/foundation.spec.ts:59:1 › a direct production request renders usable navigation without JavaScript (5.1s)
  ✓  75 [mobile] › tests/e2e/management.spec.ts:6:1 › organizer filters, inspects, cancels, and deletes only the intended persisted responses (5.1s)
  ✓  79 [mobile] › tests/e2e/survey-flow.spec.ts:4:1 › production attendee validates, goes Back, refreshes, submits once, and starts again (5.1s)
  ✓  81 [mobile] › tests/e2e/survey-flow.spec.ts:101:1 › pending submission stays on the form when navigation is attempted (5.1s)
  ✓  80 [mobile] › tests/e2e/survey-flow.spec.ts:79:1 › production routes present conference copy and direct Step 2 recovers safely (5.3s)
  ✓  83 [mobile] › tests/e2e/webmcp-control.spec.ts:124:1 › management retains disabled state after process restart without rewriting responses (4.3s)
  ✓  82 [mobile] › tests/e2e/webmcp-control.spec.ts:7:1 › off propagates to drafts and the separate client; fresh disabled pages load no integration; on restores one tool (6.9s)
  ✓  85 [mobile] › tests/e2e/webmcp-control.spec.ts:203:1 › a failed setting save remains visible until the organizer checks the confirmed state (5.0s)
  ✓  84 [mobile] › tests/e2e/webmcp-control.spec.ts:170:1 › turning off keeps an unsaved draft when browser storage is unavailable (5.1s)
  ✓  89 [mobile] › tests/e2e/webmcp-control.spec.ts:321:1 › a stale production assistant request is rejected after off without saving another response (2.2s)
  ✓  86 [mobile] › tests/e2e/webmcp-control.spec.ts:222:1 › a suspended page rechecks on resume and native browser APIs remain untouched on disabled documents (5.1s)
  ✓  87 [mobile] › tests/e2e/webmcp-control.spec.ts:264:3 › availability refresh preserves a confirmed in-flight manual submission without retry (6.1s)
  ✓  90 [mobile] › tests/e2e/webmcp.spec.ts:6:1 › production polyfill discovers one tool, corrects invalid input, and saves one response through the server (3.0s)
  ✓  88 [mobile] › tests/e2e/webmcp-control.spec.ts:264:3 › availability refresh preserves a uncertain in-flight manual submission without retry (6.1s)
  ✓  91 [mobile] › tests/e2e/webmcp.spec.ts:118:3 › manual attendee can submit when assistant is unavailable (5.1s)
  ✓  92 [mobile] › tests/e2e/webmcp.spec.ts:118:3 › manual attendee can submit when assistant is registration error (5.1s)

  92 passed (1.6m)
